7 9 11 13 19 22 25 29 33 34 40 44 49 52 54 55 66 67 68 70 79 80 93 96 98 99 103 104 110 111 114 117 122 125