3 8 21 26 30 31 34 37 41 45 58 63 70 72 84 87 90 92 96 97 99 122 129 131 136 138 147 152 161 162 163 165 177 183 186 191 197 203 207 212 214 227 235 241